deploy@ipa-ubuntu-testvm:~/Downloads$ df -h
Filesystem                         Size  Used Avail Use% Mounted on
tmpfs                              795M  1.9M  793M   1% /run
/dev/mapper/ubuntu--vg-ubuntu--lv   46G   12G   33G  27% /
tmpfs                              3.9G     0  3.9G   0% /dev/shm
tmpfs                              5.0M     0  5.0M   0% /run/lock
efivarfs                           256K   63K  189K  25% /sys/firmware/efi/efivars
/dev/sda2                          2.0G  103M  1.7G   6% /boot
/dev/sda1                          1.1G  6.2M  1.1G   1% /boot/efi
tmpfs                              795M  140K  794M   1% /run/user/1001
/dev/sr0                           5.8G  5.8G     0 100% /media/deploy/Ubuntu 24.04.1 LTS amd64
tmpfs                              795M  116K  794M   1% /run/user/1000
deploy@ipa-ubuntu-testvm:~/Downloads$ sudo /media/deploy/Ubuntu\ 24.04.1\ LTS\ amd64/ /mnt/iso
sudo: /media/deploy/Ubuntu 24.04.1 LTS amd64/: command not found
deploy@ipa-ubuntu-testvm:~/Downloads$ sudo "/media/deploy/Ubuntu\ 24.04.1\ LTS\ amd64/" /mnt/iso
sudo: /media/deploy/Ubuntu\ 24.04.1\ LTS\ amd64/: command not found
deploy@ipa-ubuntu-testvm:~/Downloads$ 
deploy@ipa-ubuntu-testvm:~/Downloads$


deploy@ipa-ubuntu-testvm:~/Downloads$ sudo "/media/deploy/Ubuntu\ 24^C4.1\ LTS\ amd64/" /mnt/iso
deploy@ipa-ubuntu-testvm:~/Downloads$ sudo mount -o loop "/media/deploy/Ubuntu 24.04.1 LTS amd64" /mnt/iso
mount: /mnt/iso: failed to setup loop device for /media/deploy/Ubuntu 24.04.1 LTS amd64.
deploy@ipa-ubuntu-testvm:~/Downloads$ 


Hi, Haj
                I was helping one CDC users with his IPA linux password expiration issue.
 
                User: Jacky Zheng
                Username: jzheng
 
                I saw the password has been reset by Anjali yesterday, but when I checked on multiple IPA servers today:
NAN/PET/CPEG IPA server has his latest Password expiration 2026-02-24 06:08:32Z.
But RIC/MIN IPA server still showed with Password expiration 2024-12-21 09:56:14Z.
SJC IPA server showed with “Internal Server Error”.
 
Looks like there have some sync issues between IPA servers: CPEG -> PET, CPEG ->NAN are good, but CPEP -> RIC/MIN, NAN-> CPEG/PET/PET/MIN/RIC got issues.
 
Can you double check the IPA environment?



Create a certificate database or use an existing one. To create a new database:
# certutil -N -d <database path>
Create a CSR with subject CN=<hostname>,O=<realm>, for example:
# certutil -R -d <database path> -a -g <key size> -s 'CN=sjc-ipareplica.ipa.calix.local,O=IPA.CALIX.LOCAL' -8 'sjc-ipareplica.ipa.calix.local'
Copy and paste the CSR (from -----BEGIN NEW CERTIFICATE REQUEST----- to -----END NEW CERTIFICATE REQUEST-----) into the text area below:


Internal server error Request timed out
[
  {
    "source": "pki.server.healthcheck.clones.connectivity_and_data",
    "check": "ClonesConnectivyAndDataCheck",
    "result": "ERROR",
    "uuid": "7081bdd9-f1d5-4e4c-bd4c-3e446eae6d4b",
    "when": "20250225151545Z",
    "duration": "10.001130",
    "kw": {
      "status": "ERROR:  pki-tomcat : Internal error testing CA clone. Host: sjc-ipareplica.ipa.calix.local Port: 443"
    }
  },



IPA Error 4033: ServerRemovalError
Server removal aborted:

Replication topology in suffix 'ca' is disconnected:

Topology does not allow server cpeg-ipareplica.ipa.calix.local to replicate with servers:

sjc-ipareplica.ipa.calix.local

Topology does not allow server min-ipareplica.ipa.calix.local to replicate with servers:

sjc-ipareplica.ipa.calix.local

Topology does not allow server nan-ipareplica.ipa.calix.local to replicate with servers:

sjc-ipareplica.ipa.calix.local

Topology does not allow server pet-ipamaster.ipa.calix.local to replicate with servers:

sjc-ipareplica.ipa.calix.local

Topology does not allow server sjc-ipareplica.ipa.calix.local to replicate with servers:

cpeg-ipareplica.ipa.calix.local

pet-ipamaster.ipa.calix.local

min-ipareplica.ipa.calix.local

nan-ipareplica.ipa.calix.local.


[root@cpeg-ipareplica ~]# ipa-healthcheck 
Internal server error HTTPSConnectionPool(host='sjc-ipareplica.ipa.calix.local', port=443): Max retries exceeded with url: /ca/rest/certs/search?size=3 (Caused by NewConnectionError('<urllib3.connection.VerifiedHTTPSConnection object at 0x7fe118aedf28>: Failed to establish a new connection: [Errno -2] Name or service not known',))


[root@cpeg-ipareplica ~]# ldapsearch -x -D "cn=directory manager" -W -b "cn=masters,ipa" "(hostname=sjc-ipareplica.ipa.calix.local)"
Enter LDAP Password: 
# extended LDIF
#
# LDAPv3
# base <cn=masters,ipa> with scope subtree
# filter: (hostname=sjc-ipareplica.ipa.calix.local)
# requesting: ALL
#

# search result
search: 2
result: 32 No such object

# numResponses: 1
[root@cpeg-ipareplica ~]# 
